e:\atec - ssd\programação\c++\projetos\projeto de avaliação 2\projetocpp2-ruben\projeto2ruben\projeto2ruben\x64\debug\vc143.pdb
e:\atec - ssd\programação\c++\projetos\projeto de avaliação 2\projetocpp2-ruben\projeto2ruben\projeto2ruben\x64\debug\vc143.idb
e:\atec - ssd\programação\c++\projetos\projeto de avaliação 2\projetocpp2-ruben\projeto2ruben\projeto2ruben\x64\debug\validacoes.obj
e:\atec - ssd\programação\c++\projetos\projeto de avaliação 2\projetocpp2-ruben\projeto2ruben\projeto2ruben\x64\debug\projeto2ruben.obj
e:\atec - ssd\programação\c++\projetos\projeto de avaliação 2\projetocpp2-ruben\projeto2ruben\projeto2ruben\x64\debug\loja.obj
e:\atec - ssd\programação\c++\projetos\projeto de avaliação 2\projetocpp2-ruben\projeto2ruben\projeto2ruben\x64\debug\funcoes.obj
e:\atec - ssd\programação\c++\projetos\projeto de avaliação 2\projetocpp2-ruben\projeto2ruben\projeto2ruben\x64\debug\venda.obj
e:\atec - ssd\programação\c++\projetos\projeto de avaliação 2\projetocpp2-ruben\projeto2ruben\projeto2ruben\x64\debug\produto.obj
e:\atec - ssd\programação\c++\projetos\projeto de avaliação 2\projetocpp2-ruben\projeto2ruben\projeto2ruben\x64\debug\cliente.obj
e:\atec - ssd\programação\c++\projetos\projeto de avaliação 2\projetocpp2-ruben\projeto2ruben\projeto2ruben\x64\debug\projeto2ruben.ilk
e:\atec - ssd\programação\c++\projetos\projeto de avaliação 2\projetocpp2-ruben\projeto2ruben\projeto2ruben\x64\debug\loja.obj.enc
e:\atec - ssd\programação\c++\projetos\projeto de avaliação 2\projetocpp2-ruben\projeto2ruben\x64\debug\projeto2ruben.pdb
e:\atec - ssd\programação\c++\projetos\projeto de avaliação 2\projetocpp2-ruben\projeto2ruben\projeto2ruben\x64\debug\projeto2ruben.tlog\cl.command.1.tlog
e:\atec - ssd\programação\c++\projetos\projeto de avaliação 2\projetocpp2-ruben\projeto2ruben\projeto2ruben\x64\debug\projeto2ruben.tlog\cl.items.tlog
e:\atec - ssd\programação\c++\projetos\projeto de avaliação 2\projetocpp2-ruben\projeto2ruben\projeto2ruben\x64\debug\projeto2ruben.tlog\cl.read.1.tlog
e:\atec - ssd\programação\c++\projetos\projeto de avaliação 2\projetocpp2-ruben\projeto2ruben\projeto2ruben\x64\debug\projeto2ruben.tlog\cl.write.1.tlog
e:\atec - ssd\programação\c++\projetos\projeto de avaliação 2\projetocpp2-ruben\projeto2ruben\projeto2ruben\x64\debug\projeto2ruben.tlog\link.command.1.tlog
e:\atec - ssd\programação\c++\projetos\projeto de avaliação 2\projetocpp2-ruben\projeto2ruben\projeto2ruben\x64\debug\projeto2ruben.tlog\link.read.1.tlog
e:\atec - ssd\programação\c++\projetos\projeto de avaliação 2\projetocpp2-ruben\projeto2ruben\projeto2ruben\x64\debug\projeto2ruben.tlog\link.secondary.1.tlog
e:\atec - ssd\programação\c++\projetos\projeto de avaliação 2\projetocpp2-ruben\projeto2ruben\projeto2ruben\x64\debug\projeto2ruben.tlog\link.write.1.tlog
